// Jest Snapshot v1, https://goo.gl/fbAQLP

exports[`DwollaBusinessVCR 1`] = `<dwolla-business-vcr />`;

exports[`with optional props 1`] = `
<dwolla-business-vcr
  correlationId="123abc"
  customerId="123"
  email="janedoe@email.com"
  firstName="Jane"
  hideDBAField={true}
  ipAddress="255.255.255.255"
  lastName="Doe"
  privacy="www.yourprivacy.com"
  terms="www.yourterms.com"
/>
`;
