// Jest Snapshot v1, https://goo.gl/fbAQLP

exports[`DwollaCustomerCreate 1`] = `<dwolla-customer-create />`;

exports[`with optional props 1`] = `
<dwolla-customer-create
  businessName="Jane Doe, LLC"
  correlationId="123abc"
  email="janedoe@email.com"
  firstName="Jane"
  ipAddress="255.255.255.255"
  isBusiness={true}
  lastName="Doe"
  privacy="www.yourprivacy.com"
  terms="www.yourterms.com"
  type="receive-only"
/>
`;
